Error type 7 at Line 10: binary operation on invalid variables
Error type 5 at Line 10: unmatching types on both sides of assignment
